// Vitest Snapshot v1

exports[`components/SearchBox.vue > snapshot test > { term: "" } renders input without autocomplete 1`] = `
<section>
  <div
    class="autocomplete control"
  >
    <div
      class="control has-icons-left"
    >
      <input
        aria-autocomplete="list"
        autocomplete="off"
        class="input"
        placeholder="曲名 or アーティスト名"
        type="text"
      />
      <span
        class="icon is-left"
      >
        <i
          class="mdi mdi-magnify mdi-24px"
        />
      </span>
      <!--v-if-->
      <!--v-if-->
    </div>
    <transition-stub>
      <div
        class="dropdown-menu dropdown-content is-opened-bottom"
        is="div"
        style="display: none;"
      >
        <!--v-if-->
        
        
        <!--v-if-->
        
        <div
          class="dropdown-item"
          is="div"
        >
          
          <span>
            BOYS / smile. dk
          </span>
          
        </div>
        <div
          class="dropdown-item"
          is="div"
        >
          
          <span>
            butterfly / smile. dk
          </span>
          
        </div>
        <div
          class="dropdown-item"
          is="div"
        >
          
          <span>
            LITTLE BITCH / THE SPECIALS
          </span>
          
        </div>
        <div
          class="dropdown-item"
          is="div"
        >
          
          <span>
            MY FIRE / X-TREME
          </span>
          
        </div>
        
        
        
        <!--v-if-->
        <!--v-if-->
      </div>
    </transition-stub>
  </div>
</section>
`;
