// Vitest Snapshot v1

exports[`pages/songs/[id].vue > snapshot test > renders correctly 1`] = `
<section
  class="section"
>
  <h1
    class="title"
  >
    TRIP MACHINE / DE-SIRE
  </h1>
  <span
    class="subtitle"
  >
    BPM 160
  </span>
  <section
    class="content"
  >
    <ul>
      
      <li>
        <a>
          Dance Dance Revolution
        </a>
      </li>
      <li>
        <a>
          Dance Dance Revolution 3rd MIX
        </a>
      </li>
      
    </ul>
  </section>
  <div
    class="b-table"
  >
    <div
      style="display: none;"
    >
      
      <span
        data-id="1"
      >
        PlayStyle
      </span>
      <span
        data-id="2"
      >
        Difficulty
      </span>
      <span
        data-id="3"
      >
        Level
      </span>
      
    </div>
    <!--v-if-->
    <!--v-if-->
    <div
      class="table-wrapper"
    >
      <table
        class="table is-striped"
        tabindex="false"
      >
        <!--v-if-->
        <thead>
          <tr>
            <!--v-if-->
            <!--v-if-->
            
            <th
              class=""
              draggable="false"
            >
              <span>
                PlayStyle 
                <span
                  class="th-wrap sort-icon"
                  style="display: none;"
                >
                  <span
                    class="icon is-small"
                  >
                    <i
                      class="mdi mdi-arrow-up"
                    />
                  </span>
                </span>
              </span>
            </th>
            <th
              class=""
              draggable="false"
            >
              <span>
                Difficulty 
                <span
                  class="th-wrap sort-icon"
                  style="display: none;"
                >
                  <span
                    class="icon is-small"
                  >
                    <i
                      class="mdi mdi-arrow-up"
                    />
                  </span>
                </span>
              </span>
            </th>
            <th
              class=""
              draggable="false"
            >
              <span>
                Level 
                <span
                  class="th-wrap sort-icon"
                  style="display: none;"
                >
                  <span
                    class="icon is-small"
                  >
                    <i
                      class="mdi mdi-arrow-up"
                    />
                  </span>
                </span>
              </span>
            </th>
            
            <!--v-if-->
          </tr>
          <!--v-if-->
          <!--v-if-->
        </thead>
        <tbody>
          
          
          <tr
            class=""
            draggable="false"
          >
            <!--v-if-->
            <!--v-if-->
            
            <td
              class=""
              data-label="PlayStyle"
              scoped=""
            >
              SINGLE
            </td>
            <td
              class=""
              data-label="Difficulty"
              scoped=""
            >
              1
            </td>
            <td
              class=""
              data-label="Level"
              scoped=""
            >
              <div
                class="field is-grouped is-grouped-multiline"
              >
                
                <div
                  class="control"
                >
                  <div
                    class="b-tooltip is-primary is-top"
                  >
                    <transition-stub>
                      <div
                        class="tooltip-content is-top"
                        style="display: none;"
                      >
                        <span
                          class=""
                        />
                        
                        Dance Dance Revolution
                        
                      </div>
                    </transition-stub>
                    <div
                      class="tooltip-trigger"
                    >
                      
                      <div
                        class="tags has-addons"
                      >
                        <span
                          class="is-series tag"
                          data-v-c1fd21ef=""
                        >
                          
                          1st-jp
                          
                        </span>
                        <span
                          class="tag"
                        >
                          6
                        </span>
                      </div>
                      
                    </div>
                  </div>
                </div>
                <div
                  class="control"
                >
                  <div
                    class="b-tooltip is-primary is-top"
                  >
                    <transition-stub>
                      <div
                        class="tooltip-content is-top"
                        style="display: none;"
                      >
                        <span
                          class=""
                        />
                        
                        Dance Dance Revolution 3rd MIX
                        
                      </div>
                    </transition-stub>
                    <div
                      class="tooltip-trigger"
                    >
                      
                      <div
                        class="tags has-addons"
                      >
                        <span
                          class="is-series tag"
                          data-v-c1fd21ef=""
                        >
                          
                          3rd
                          
                        </span>
                        <span
                          class="tag"
                        >
                          6
                        </span>
                      </div>
                      
                    </div>
                  </div>
                </div>
                
              </div>
            </td>
            
            <!--v-if-->
          </tr>
          <transition-stub>
            <!--v-if-->
          </transition-stub>
          <!--v-if-->
          
          
          <tr
            class=""
            draggable="false"
          >
            <!--v-if-->
            <!--v-if-->
            
            <td
              class=""
              data-label="PlayStyle"
              scoped=""
            >
              SINGLE
            </td>
            <td
              class=""
              data-label="Difficulty"
              scoped=""
            >
              2
            </td>
            <td
              class=""
              data-label="Level"
              scoped=""
            >
              <div
                class="field is-grouped is-grouped-multiline"
              >
                
                <div
                  class="control"
                >
                  <div
                    class="b-tooltip is-primary is-top"
                  >
                    <transition-stub>
                      <div
                        class="tooltip-content is-top"
                        style="display: none;"
                      >
                        <span
                          class=""
                        />
                        
                        Dance Dance Revolution
                        
                      </div>
                    </transition-stub>
                    <div
                      class="tooltip-trigger"
                    >
                      
                      <div
                        class="tags has-addons"
                      >
                        <span
                          class="is-series tag"
                          data-v-c1fd21ef=""
                        >
                          
                          1st-jp
                          
                        </span>
                        <span
                          class="tag"
                        >
                          7
                        </span>
                      </div>
                      
                    </div>
                  </div>
                </div>
                <div
                  class="control"
                >
                  <div
                    class="b-tooltip is-primary is-top"
                  >
                    <transition-stub>
                      <div
                        class="tooltip-content is-top"
                        style="display: none;"
                      >
                        <span
                          class=""
                        />
                        
                        Dance Dance Revolution 3rd MIX
                        
                      </div>
                    </transition-stub>
                    <div
                      class="tooltip-trigger"
                    >
                      
                      <div
                        class="tags has-addons"
                      >
                        <span
                          class="is-series tag"
                          data-v-c1fd21ef=""
                        >
                          
                          3rd
                          
                        </span>
                        <span
                          class="tag"
                        >
                          7
                        </span>
                      </div>
                      
                    </div>
                  </div>
                </div>
                
              </div>
            </td>
            
            <!--v-if-->
          </tr>
          <transition-stub>
            <!--v-if-->
          </transition-stub>
          <!--v-if-->
          
          
          <tr
            class=""
            draggable="false"
          >
            <!--v-if-->
            <!--v-if-->
            
            <td
              class=""
              data-label="PlayStyle"
              scoped=""
            >
              SINGLE
            </td>
            <td
              class=""
              data-label="Difficulty"
              scoped=""
            >
              3
            </td>
            <td
              class=""
              data-label="Level"
              scoped=""
            >
              <div
                class="field is-grouped is-grouped-multiline"
              >
                
                <div
                  class="control"
                >
                  <div
                    class="b-tooltip is-primary is-top"
                  >
                    <transition-stub>
                      <div
                        class="tooltip-content is-top"
                        style="display: none;"
                      >
                        <span
                          class=""
                        />
                        
                        Dance Dance Revolution
                        
                      </div>
                    </transition-stub>
                    <div
                      class="tooltip-trigger"
                    >
                      
                      <div
                        class="tags has-addons"
                      >
                        <span
                          class="is-series tag"
                          data-v-c1fd21ef=""
                        >
                          
                          1st-jp
                          
                        </span>
                        <span
                          class="tag"
                        >
                          8
                        </span>
                      </div>
                      
                    </div>
                  </div>
                </div>
                <div
                  class="control"
                >
                  <div
                    class="b-tooltip is-primary is-top"
                  >
                    <transition-stub>
                      <div
                        class="tooltip-content is-top"
                        style="display: none;"
                      >
                        <span
                          class=""
                        />
                        
                        Dance Dance Revolution 3rd MIX
                        
                      </div>
                    </transition-stub>
                    <div
                      class="tooltip-trigger"
                    >
                      
                      <div
                        class="tags has-addons"
                      >
                        <span
                          class="is-series tag"
                          data-v-c1fd21ef=""
                        >
                          
                          3rd
                          
                        </span>
                        <span
                          class="tag"
                        >
                          8
                        </span>
                      </div>
                      
                    </div>
                  </div>
                </div>
                
              </div>
            </td>
            
            <!--v-if-->
          </tr>
          <transition-stub>
            <!--v-if-->
          </transition-stub>
          <!--v-if-->
          
          
          <tr
            class=""
            draggable="false"
          >
            <!--v-if-->
            <!--v-if-->
            
            <td
              class=""
              data-label="PlayStyle"
              scoped=""
            >
              DOUBLE
            </td>
            <td
              class=""
              data-label="Difficulty"
              scoped=""
            >
              1
            </td>
            <td
              class=""
              data-label="Level"
              scoped=""
            >
              <div
                class="field is-grouped is-grouped-multiline"
              >
                
                <div
                  class="control"
                >
                  <div
                    class="b-tooltip is-primary is-top"
                  >
                    <transition-stub>
                      <div
                        class="tooltip-content is-top"
                        style="display: none;"
                      >
                        <span
                          class=""
                        />
                        
                        Dance Dance Revolution
                        
                      </div>
                    </transition-stub>
                    <div
                      class="tooltip-trigger"
                    >
                      
                      <div
                        class="tags has-addons"
                      >
                        <span
                          class="is-series tag"
                          data-v-c1fd21ef=""
                        >
                          
                          1st-jp
                          
                        </span>
                        <span
                          class="tag"
                        >
                          7
                        </span>
                      </div>
                      
                    </div>
                  </div>
                </div>
                <div
                  class="control"
                >
                  <div
                    class="b-tooltip is-primary is-top"
                  >
                    <transition-stub>
                      <div
                        class="tooltip-content is-top"
                        style="display: none;"
                      >
                        <span
                          class=""
                        />
                        
                        Dance Dance Revolution 3rd MIX
                        
                      </div>
                    </transition-stub>
                    <div
                      class="tooltip-trigger"
                    >
                      
                      <div
                        class="tags has-addons"
                      >
                        <span
                          class="is-series tag"
                          data-v-c1fd21ef=""
                        >
                          
                          3rd
                          
                        </span>
                        <span
                          class="tag"
                        >
                          7
                        </span>
                      </div>
                      
                    </div>
                  </div>
                </div>
                
              </div>
            </td>
            
            <!--v-if-->
          </tr>
          <transition-stub>
            <!--v-if-->
          </transition-stub>
          <!--v-if-->
          
          
          <tr
            class=""
            draggable="false"
          >
            <!--v-if-->
            <!--v-if-->
            
            <td
              class=""
              data-label="PlayStyle"
              scoped=""
            >
              DOUBLE
            </td>
            <td
              class=""
              data-label="Difficulty"
              scoped=""
            >
              2
            </td>
            <td
              class=""
              data-label="Level"
              scoped=""
            >
              <div
                class="field is-grouped is-grouped-multiline"
              >
                
                <div
                  class="control"
                >
                  <div
                    class="b-tooltip is-primary is-top"
                  >
                    <transition-stub>
                      <div
                        class="tooltip-content is-top"
                        style="display: none;"
                      >
                        <span
                          class=""
                        />
                        
                        Dance Dance Revolution
                        
                      </div>
                    </transition-stub>
                    <div
                      class="tooltip-trigger"
                    >
                      
                      <div
                        class="tags has-addons"
                      >
                        <span
                          class="is-series tag"
                          data-v-c1fd21ef=""
                        >
                          
                          1st-jp
                          
                        </span>
                        <span
                          class="tag"
                        >
                          8
                        </span>
                      </div>
                      
                    </div>
                  </div>
                </div>
                <div
                  class="control"
                >
                  <div
                    class="b-tooltip is-primary is-top"
                  >
                    <transition-stub>
                      <div
                        class="tooltip-content is-top"
                        style="display: none;"
                      >
                        <span
                          class=""
                        />
                        
                        Dance Dance Revolution 3rd MIX
                        
                      </div>
                    </transition-stub>
                    <div
                      class="tooltip-trigger"
                    >
                      
                      <div
                        class="tags has-addons"
                      >
                        <span
                          class="is-series tag"
                          data-v-c1fd21ef=""
                        >
                          
                          3rd
                          
                        </span>
                        <span
                          class="tag"
                        >
                          8
                        </span>
                      </div>
                      
                    </div>
                  </div>
                </div>
                
              </div>
            </td>
            
            <!--v-if-->
          </tr>
          <transition-stub>
            <!--v-if-->
          </transition-stub>
          <!--v-if-->
          
          
          <tr
            class=""
            draggable="false"
          >
            <!--v-if-->
            <!--v-if-->
            
            <td
              class=""
              data-label="PlayStyle"
              scoped=""
            >
              COUPLE
            </td>
            <td
              class=""
              data-label="Difficulty"
              scoped=""
            >
              1
            </td>
            <td
              class=""
              data-label="Level"
              scoped=""
            >
              <div
                class="field is-grouped is-grouped-multiline"
              >
                
                <div
                  class="control"
                >
                  <div
                    class="b-tooltip is-primary is-top"
                  >
                    <transition-stub>
                      <div
                        class="tooltip-content is-top"
                        style="display: none;"
                      >
                        <span
                          class=""
                        />
                        
                        Dance Dance Revolution
                        
                      </div>
                    </transition-stub>
                    <div
                      class="tooltip-trigger"
                    >
                      
                      <div
                        class="tags has-addons"
                      >
                        <span
                          class="is-series tag"
                          data-v-c1fd21ef=""
                        >
                          
                          1st-jp
                          
                        </span>
                        <span
                          class="tag"
                        >
                          6
                        </span>
                      </div>
                      
                    </div>
                  </div>
                </div>
                
              </div>
            </td>
            
            <!--v-if-->
          </tr>
          <transition-stub>
            <!--v-if-->
          </transition-stub>
          <!--v-if-->
          
          
          <tr
            class=""
            draggable="false"
          >
            <!--v-if-->
            <!--v-if-->
            
            <td
              class=""
              data-label="PlayStyle"
              scoped=""
            >
              COUPLE
            </td>
            <td
              class=""
              data-label="Difficulty"
              scoped=""
            >
              2
            </td>
            <td
              class=""
              data-label="Level"
              scoped=""
            >
              <div
                class="field is-grouped is-grouped-multiline"
              >
                
                <div
                  class="control"
                >
                  <div
                    class="b-tooltip is-primary is-top"
                  >
                    <transition-stub>
                      <div
                        class="tooltip-content is-top"
                        style="display: none;"
                      >
                        <span
                          class=""
                        />
                        
                        Dance Dance Revolution
                        
                      </div>
                    </transition-stub>
                    <div
                      class="tooltip-trigger"
                    >
                      
                      <div
                        class="tags has-addons"
                      >
                        <span
                          class="is-series tag"
                          data-v-c1fd21ef=""
                        >
                          
                          1st-jp
                          
                        </span>
                        <span
                          class="tag"
                        >
                          7
                        </span>
                      </div>
                      
                    </div>
                  </div>
                </div>
                
              </div>
            </td>
            
            <!--v-if-->
          </tr>
          <transition-stub>
            <!--v-if-->
          </transition-stub>
          <!--v-if-->
          
          
          <tr
            class=""
            draggable="false"
          >
            <!--v-if-->
            <!--v-if-->
            
            <td
              class=""
              data-label="PlayStyle"
              scoped=""
            >
              COUPLE
            </td>
            <td
              class=""
              data-label="Difficulty"
              scoped=""
            >
              3
            </td>
            <td
              class=""
              data-label="Level"
              scoped=""
            >
              <div
                class="field is-grouped is-grouped-multiline"
              >
                
                <div
                  class="control"
                >
                  <div
                    class="b-tooltip is-primary is-top"
                  >
                    <transition-stub>
                      <div
                        class="tooltip-content is-top"
                        style="display: none;"
                      >
                        <span
                          class=""
                        />
                        
                        Dance Dance Revolution
                        
                      </div>
                    </transition-stub>
                    <div
                      class="tooltip-trigger"
                    >
                      
                      <div
                        class="tags has-addons"
                      >
                        <span
                          class="is-series tag"
                          data-v-c1fd21ef=""
                        >
                          
                          1st-jp
                          
                        </span>
                        <span
                          class="tag"
                        >
                          8
                        </span>
                      </div>
                      
                    </div>
                  </div>
                </div>
                
              </div>
            </td>
            
            <!--v-if-->
          </tr>
          <transition-stub>
            <!--v-if-->
          </transition-stub>
          <!--v-if-->
          
          
          <tr
            class=""
            draggable="false"
          >
            <!--v-if-->
            <!--v-if-->
            
            <td
              class=""
              data-label="PlayStyle"
              scoped=""
            >
              UNISON
            </td>
            <td
              class=""
              data-label="Difficulty"
              scoped=""
            >
              1
            </td>
            <td
              class=""
              data-label="Level"
              scoped=""
            >
              <div
                class="field is-grouped is-grouped-multiline"
              >
                
                <div
                  class="control"
                >
                  <div
                    class="b-tooltip is-primary is-top"
                  >
                    <transition-stub>
                      <div
                        class="tooltip-content is-top"
                        style="display: none;"
                      >
                        <span
                          class=""
                        />
                        
                        Dance Dance Revolution 3rd MIX
                        
                      </div>
                    </transition-stub>
                    <div
                      class="tooltip-trigger"
                    >
                      
                      <div
                        class="tags has-addons"
                      >
                        <span
                          class="is-series tag"
                          data-v-c1fd21ef=""
                        >
                          
                          3rd
                          
                        </span>
                        <span
                          class="tag"
                        >
                          6
                        </span>
                      </div>
                      
                    </div>
                  </div>
                </div>
                
              </div>
            </td>
            
            <!--v-if-->
          </tr>
          <transition-stub>
            <!--v-if-->
          </transition-stub>
          <!--v-if-->
          
          
          <tr
            class=""
            draggable="false"
          >
            <!--v-if-->
            <!--v-if-->
            
            <td
              class=""
              data-label="PlayStyle"
              scoped=""
            >
              UNISON
            </td>
            <td
              class=""
              data-label="Difficulty"
              scoped=""
            >
              2
            </td>
            <td
              class=""
              data-label="Level"
              scoped=""
            >
              <div
                class="field is-grouped is-grouped-multiline"
              >
                
                <div
                  class="control"
                >
                  <div
                    class="b-tooltip is-primary is-top"
                  >
                    <transition-stub>
                      <div
                        class="tooltip-content is-top"
                        style="display: none;"
                      >
                        <span
                          class=""
                        />
                        
                        Dance Dance Revolution 3rd MIX
                        
                      </div>
                    </transition-stub>
                    <div
                      class="tooltip-trigger"
                    >
                      
                      <div
                        class="tags has-addons"
                      >
                        <span
                          class="is-series tag"
                          data-v-c1fd21ef=""
                        >
                          
                          3rd
                          
                        </span>
                        <span
                          class="tag"
                        >
                          7
                        </span>
                      </div>
                      
                    </div>
                  </div>
                </div>
                
              </div>
            </td>
            
            <!--v-if-->
          </tr>
          <transition-stub>
            <!--v-if-->
          </transition-stub>
          <!--v-if-->
          
          
          <tr
            class=""
            draggable="false"
          >
            <!--v-if-->
            <!--v-if-->
            
            <td
              class=""
              data-label="PlayStyle"
              scoped=""
            >
              UNISON
            </td>
            <td
              class=""
              data-label="Difficulty"
              scoped=""
            >
              3
            </td>
            <td
              class=""
              data-label="Level"
              scoped=""
            >
              <div
                class="field is-grouped is-grouped-multiline"
              >
                
                <div
                  class="control"
                >
                  <div
                    class="b-tooltip is-primary is-top"
                  >
                    <transition-stub>
                      <div
                        class="tooltip-content is-top"
                        style="display: none;"
                      >
                        <span
                          class=""
                        />
                        
                        Dance Dance Revolution 3rd MIX
                        
                      </div>
                    </transition-stub>
                    <div
                      class="tooltip-trigger"
                    >
                      
                      <div
                        class="tags has-addons"
                      >
                        <span
                          class="is-series tag"
                          data-v-c1fd21ef=""
                        >
                          
                          3rd
                          
                        </span>
                        <span
                          class="tag"
                        >
                          8
                        </span>
                      </div>
                      
                    </div>
                  </div>
                </div>
                
              </div>
            </td>
            
            <!--v-if-->
          </tr>
          <transition-stub>
            <!--v-if-->
          </transition-stub>
          <!--v-if-->
          
          
          <!--v-if-->
        </tbody>
        <!--v-if-->
      </table>
      
      <transition-stub>
        <!--v-if-->
      </transition-stub>
      
    </div>
    <!--v-if-->
  </div>
</section>
`;
