// Vitest Snapshot v1, https://vitest.dev/guide/snapshot.html

exports[`pages/songs/[id].vue > snapshot test > renders correctly 1`] = `
<section
  class="section"
>
  <head-stub />
  <content-renderer-stub
    class="content"
    excerpt="false"
    tag="div"
    value="[object Object]"
  />
</section>
`;
