// Vitest Snapshot v1, https://vitest.dev/guide/snapshot.html

exports[`components/content/Charts.vue > renders tags 1`] = `
<div
  class="tags has-addons"
>
  
  <span
    class="tag is-basic"
    title="NORMAL"
  >
    1
  </span>
  <span
    class="tag is-basic"
    title="BASIC"
  >
    2
  </span>
  <span
    class="tag is-difficult"
    title="ANOTHER"
  >
    3
  </span>
  <span
    class="tag is-expert"
    title="MANIAC"
  >
    4
  </span>
  
</div>
`;
