// Vitest Snapshot v1, https://vitest.dev/guide/snapshot.html

exports[`components/content/Charts.vue > renders badges 1`] = `
<div
  data-v-app=""
>
  
  <badge-stub
    title="BEGINNER"
    type="info"
  />
  <badge-stub
    title="BASIC"
    type="warning"
  />
  <badge-stub
    title="DIFFICULT"
    type="danger"
  />
  <badge-stub
    title="EXPERT"
    type="success"
  />
  <badge-stub
    title="CHALLENGE"
    type="primary"
  />
  
</div>
`;
