// Vitest Snapshot v1

exports[`components/content/Level.vue > renders series link 1`] = `
<div
  class="tags has-addons"
>
  <a
    class="tag"
    style="background-color: darkviolet; color: rgb(255, 255, 255);"
  >
    <span
      title="Dance Dance Revolution (JP)"
    >
      1st-jp
    </span>
  </a>
  <span
    class="tag"
  >
    5
  </span>
</div>
`;
