// Vitest Snapshot v1

exports[`components/content/SoftwareInfo.vue > snapshot test > renders correctly 1`] = `
<table
  class="table"
>
  <tbody>
    <tr>
      <th>
        発売日
      </th>
      <td>
        1999-04-10
      </td>
    </tr>
    <tr>
      <th>
        機種
      </th>
      <td>
        Play Station
      </td>
    </tr>
    <tr>
      <th>
        リージョン
      </th>
      <td>
        JP
      </td>
    </tr>
  </tbody>
</table>
`;
