// Jest Snapshot v1, https://goo.gl/fbAQLP

exports[`pages/series/_id/index.vue renders correctly 1`] = `
<section
  class="section"
>
  <h1
    class="title"
  >
    Dance Dance Revolution
  </h1>
   
  <h2
    class="subtitle"
  >
    Play Station(JP)
  </h2>
   
  <div
    class="b-table"
  >
    <div
      style="display: none;"
    >
      <span>
        Name
      </span>
       
      <span>
        Artist
      </span>
       
      <span>
        BPM
      </span>
       
      <span>
        SINGLE
      </span>
      <span>
        DOUBLE
      </span>
    </div>
    <!---->
    <!---->
    <div
      class="table-wrapper"
    >
      <table
        class="table is-striped is-narrow"
      >
        <!---->
        <thead>
          <tr>
            <!---->
            <!---->
            <th
              class=""
              draggable="false"
            >
              <span>
                 Name 
                <span
                  class="th-wrap sort-icon"
                  style="display: none;"
                >
                  <span
                    class="icon is-small"
                  >
                    <i
                      class="mdi mdi-arrow-up"
                    />
                  </span>
                </span>
              </span>
            </th>
            <th
              class=""
              draggable="false"
            >
              <span>
                 Artist 
                <span
                  class="th-wrap sort-icon"
                  style="display: none;"
                >
                  <span
                    class="icon is-small"
                  >
                    <i
                      class="mdi mdi-arrow-up"
                    />
                  </span>
                </span>
              </span>
            </th>
            <th
              class=""
              draggable="false"
            >
              <span>
                 BPM 
                <span
                  class="th-wrap sort-icon"
                  style="display: none;"
                >
                  <span
                    class="icon is-small"
                  >
                    <i
                      class="mdi mdi-arrow-up"
                    />
                  </span>
                </span>
              </span>
            </th>
            <th
              class=""
              draggable="false"
            >
              <span>
                 SINGLE 
                <span
                  class="th-wrap sort-icon"
                  style="display: none;"
                >
                  <span
                    class="icon is-small"
                  >
                    <i
                      class="mdi mdi-arrow-up"
                    />
                  </span>
                </span>
              </span>
            </th>
            <th
              class=""
              draggable="false"
            >
              <span>
                 DOUBLE 
                <span
                  class="th-wrap sort-icon"
                  style="display: none;"
                >
                  <span
                    class="icon is-small"
                  >
                    <i
                      class="mdi mdi-arrow-up"
                    />
                  </span>
                </span>
              </span>
            </th>
            <!---->
          </tr>
          <!---->
          <!---->
        </thead>
        <tbody>
          <tr
            class=""
            draggable="false"
          >
            <!---->
            <!---->
            <td
              class=""
              data-label="Name"
            >
              <a>
                
        MAKE IT BETTER
      
              </a>
            </td>
            <td
              class=""
              data-label="Artist"
            >
              <span>
                mitsu-O!
              </span>
            </td>
            <td
              class=""
              data-label="BPM"
            >
              
      118
    
            </td>
            <td
              class=""
              data-label="SINGLE"
            >
              <div
                class="tags has-addons"
              >
                <span
                  class="tag is-basic"
                  title="BASIC"
                >
                  
          5
        
                </span>
                <span
                  class="tag is-difficult"
                  title="ANOTHER"
                >
                  
          6
        
                </span>
                <span
                  class="tag is-expert"
                  title="MANIAC"
                >
                  
          8
        
                </span>
              </div>
            </td>
            <td
              class=""
              data-label="DOUBLE"
            >
              <div
                class="tags has-addons"
              >
                <span
                  class="tag is-basic"
                  title="BASIC"
                >
                  
          5
        
                </span>
                <span
                  class="tag is-difficult"
                  title="ANOTHER"
                >
                  
          6
        
                </span>
              </div>
            </td>
            <!---->
          </tr>
          <transition-stub
            name=""
          >
            <!---->
          </transition-stub>
          <!---->
          <tr
            class=""
            draggable="false"
          >
            <!---->
            <!---->
            <td
              class=""
              data-label="Name"
            >
              <a>
                
        PARANOiA
      
              </a>
            </td>
            <td
              class=""
              data-label="Artist"
            >
              <span>
                180
              </span>
            </td>
            <td
              class=""
              data-label="BPM"
            >
              
      180
    
            </td>
            <td
              class=""
              data-label="SINGLE"
            >
              <div
                class="tags has-addons"
              >
                <span
                  class="tag is-basic"
                  title="BASIC"
                >
                  
          6
        
                </span>
                <span
                  class="tag is-difficult"
                  title="ANOTHER"
                >
                  
          7
        
                </span>
                <span
                  class="tag is-expert"
                  title="MANIAC"
                >
                  
          8
        
                </span>
              </div>
            </td>
            <td
              class=""
              data-label="DOUBLE"
            >
              <div
                class="tags has-addons"
              >
                <span
                  class="tag is-basic"
                  title="BASIC"
                >
                  
          7
        
                </span>
                <span
                  class="tag is-difficult"
                  title="ANOTHER"
                >
                  
          8
        
                </span>
              </div>
            </td>
            <!---->
          </tr>
          <transition-stub
            name=""
          >
            <!---->
          </transition-stub>
          <!---->
          <tr
            class=""
            draggable="false"
          >
            <!---->
            <!---->
            <td
              class=""
              data-label="Name"
            >
              <a>
                
        TRIP MACHINE
      
              </a>
            </td>
            <td
              class=""
              data-label="Artist"
            >
              <span>
                DE-SIRE
              </span>
            </td>
            <td
              class=""
              data-label="BPM"
            >
              
      160
    
            </td>
            <td
              class=""
              data-label="SINGLE"
            >
              <div
                class="tags has-addons"
              >
                <span
                  class="tag is-basic"
                  title="BASIC"
                >
                  
          6
        
                </span>
                <span
                  class="tag is-difficult"
                  title="ANOTHER"
                >
                  
          7
        
                </span>
                <span
                  class="tag is-expert"
                  title="MANIAC"
                >
                  
          8
        
                </span>
              </div>
            </td>
            <td
              class=""
              data-label="DOUBLE"
            >
              <div
                class="tags has-addons"
              >
                <span
                  class="tag is-basic"
                  title="BASIC"
                >
                  
          7
        
                </span>
                <span
                  class="tag is-difficult"
                  title="ANOTHER"
                >
                  
          8
        
                </span>
              </div>
            </td>
            <!---->
          </tr>
          <transition-stub
            name=""
          >
            <!---->
          </transition-stub>
          <!---->
          <!---->
        </tbody>
        <!---->
      </table>
      <transition-stub
        name="fade"
      >
        <!---->
      </transition-stub>
    </div>
    <!---->
  </div>
</section>
`;
