// Jest Snapshot v1, https://goo.gl/fbAQLP

exports[`pages/song/index.vue renders correctly 1`] = `
<section
  class="section"
>
  <h1
    class="title"
  >
    Song List
  </h1>
   
  <div
    class="b-table"
  >
    <div
      style="display: none;"
    >
      <span>
        Name
      </span>
       
      <span>
        Artist
      </span>
       
      <span>
        BPM
      </span>
       
      <span>
        Series
      </span>
    </div>
    <!---->
    <!---->
    <div
      class="table-wrapper"
    >
      <table
        class="table is-striped is-narrow"
      >
        <!---->
        <thead>
          <tr>
            <!---->
            <!---->
            <th
              class=""
              draggable="false"
            >
              <span>
                 Name 
                <span
                  class="th-wrap sort-icon"
                  style="display: none;"
                >
                  <span
                    class="icon is-small"
                  >
                    <i
                      class="mdi mdi-arrow-up"
                    />
                  </span>
                </span>
              </span>
            </th>
            <th
              class=""
              draggable="false"
            >
              <span>
                 Artist 
                <span
                  class="th-wrap sort-icon"
                  style="display: none;"
                >
                  <span
                    class="icon is-small"
                  >
                    <i
                      class="mdi mdi-arrow-up"
                    />
                  </span>
                </span>
              </span>
            </th>
            <th
              class=""
              draggable="false"
            >
              <span>
                 BPM 
                <span
                  class="th-wrap sort-icon"
                  style="display: none;"
                >
                  <span
                    class="icon is-small"
                  >
                    <i
                      class="mdi mdi-arrow-up"
                    />
                  </span>
                </span>
              </span>
            </th>
            <th
              class=""
              draggable="false"
            >
              <span>
                 Series 
                <span
                  class="th-wrap sort-icon"
                  style="display: none;"
                >
                  <span
                    class="icon is-small"
                  >
                    <i
                      class="mdi mdi-arrow-up"
                    />
                  </span>
                </span>
              </span>
            </th>
            <!---->
          </tr>
          <tr>
            <!---->
            <!---->
            <th
              class=""
            >
              <div
                class="control"
              >
                <input
                  autocomplete="off"
                  class="input"
                  type="text"
                />
                <!---->
                <!---->
                <!---->
              </div>
            </th>
            <th
              class=""
            >
              <div
                class="control"
              >
                <input
                  autocomplete="off"
                  class="input"
                  type="text"
                />
                <!---->
                <!---->
                <!---->
              </div>
            </th>
            <th
              class=""
            >
              <!---->
            </th>
            <th
              class=""
            >
              <!---->
            </th>
            <!---->
          </tr>
          <!---->
        </thead>
        <tbody>
          <tr
            class=""
            draggable="false"
          >
            <!---->
            <!---->
            <td
              class=""
              data-label="Name"
            >
              <a
                class="is-size-6-mobile"
              >
                
        AM-3P
      
              </a>
            </td>
            <td
              class=""
              data-label="Artist"
            >
              <span
                class="is-size-6-mobile"
              >
                KTz
              </span>
            </td>
            <td
              class=""
              data-label="BPM"
            >
              
      130
    
            </td>
            <td
              class=""
              data-label="Series"
            >
              <div
                class="buttons"
              >
                <a
                  class="button is-small is-success"
                >
                  <span
                    class="button-wrapper"
                  >
                    <!---->
                    <span
                      class=""
                    >
                      
          2nd-remix-jp
        
                    </span>
                    <!---->
                  </span>
                </a>
              </div>
            </td>
            <!---->
          </tr>
          <transition-stub
            name=""
          >
            <!---->
          </transition-stub>
          <!---->
          <tr
            class=""
            draggable="false"
          >
            <!---->
            <!---->
            <td
              class=""
              data-label="Name"
            >
              <a
                class="is-size-6-mobile"
              >
                
        PARANOiA
      
              </a>
            </td>
            <td
              class=""
              data-label="Artist"
            >
              <span
                class="is-size-6-mobile"
              >
                180
              </span>
            </td>
            <td
              class=""
              data-label="BPM"
            >
              
      180
    
            </td>
            <td
              class=""
              data-label="Series"
            >
              <div
                class="buttons"
              >
                <a
                  class="button is-small is-info"
                >
                  <span
                    class="button-wrapper"
                  >
                    <!---->
                    <span
                      class=""
                    >
                      
          1st-jp
        
                    </span>
                    <!---->
                  </span>
                </a>
                <a
                  class="button is-small is-success"
                >
                  <span
                    class="button-wrapper"
                  >
                    <!---->
                    <span
                      class=""
                    >
                      
          2nd-remix-jp
        
                    </span>
                    <!---->
                  </span>
                </a>
              </div>
            </td>
            <!---->
          </tr>
          <transition-stub
            name=""
          >
            <!---->
          </transition-stub>
          <!---->
          <!---->
        </tbody>
        <!---->
      </table>
      <transition-stub
        name="fade"
      >
        <!---->
      </transition-stub>
    </div>
    <div
      class="level"
    >
      <div />
      <div>
        <div>
          <nav
            class="pagination"
          >
            <a
              class="pagination-link pagination-previous is-disabled"
              href="#"
              role="button"
            >
              <span
                aria-hidden="true"
                class="icon"
              >
                <i
                  class="mdi mdi-chevron-left mdi-24px"
                />
              </span>
            </a>
            <a
              class="pagination-link pagination-next is-disabled"
              href="#"
              role="button"
            >
              <span
                aria-hidden="true"
                class="icon"
              >
                <i
                  class="mdi mdi-chevron-right mdi-24px"
                />
              </span>
            </a>
            <ul
              class="pagination-list"
            >
              <!---->
              <!---->
              <li>
                <a
                  aria-current="true"
                  class="pagination-link is-current"
                  href="#"
                  role="button"
                >
                  1
                </a>
              </li>
              <!---->
              <!---->
            </ul>
          </nav>
        </div>
      </div>
    </div>
  </div>
</section>
`;
