// Jest Snapshot v1, https://goo.gl/fbAQLP

exports[`layouts/default.vue renders correctly 1`] = `
<div>
  <nav
    aria-label="main navigation"
    class="navbar is-primary"
    role="navigation"
  >
    <div
      class="navbar-brand"
    >
      <a
        class="navbar-item has-text-weight-bold"
      >
        <img
          alt="Logo"
          class="images"
          src="~assets/img/logo.svg"
        />
        
        Consumer DDR
      
      </a>
      <a
        aria-label="menu"
        class="navbar-burger burger"
        role="button"
      >
        <span
          aria-hidden="true"
        />
         
        <span
          aria-hidden="true"
        />
         
        <span
          aria-hidden="true"
        />
      </a>
    </div>
    <div
      class="navbar-menu"
    >
      <div
        class="navbar-start"
      >
        <a
          class="navbar-item"
        >
          Songs
        </a>
         
        <div
          class="navbar-item has-dropdown"
        >
          <a
            aria-haspopup="true"
            class="navbar-link"
            href="#"
            role="menuitem"
          >
            Play Station (JP)
          </a>
           
          <div
            class="navbar-dropdown"
          >
            <a
              class="navbar-item"
            >
              
          Dance Dance Revolution
        
            </a>
            <a
              class="navbar-item"
            >
              
          Dance Dance Revolution 2nd ReMIX
        
            </a>
          </div>
        </div>
        <div
          class="navbar-item has-dropdown"
        >
          <a
            aria-haspopup="true"
            class="navbar-link"
            href="#"
            role="menuitem"
          >
            GAME BOY COLOR
          </a>
           
          <div
            class="navbar-dropdown"
          >
            <a
              class="navbar-item"
            >
              
          Dance Dance Revolution GB
        
            </a>
          </div>
        </div>
        <div
          class="navbar-item has-dropdown"
        >
          <a
            aria-haspopup="true"
            class="navbar-link"
            href="#"
            role="menuitem"
          >
            Play Station 2 (US)
          </a>
           
          <div
            class="navbar-dropdown"
          >
            <a
              class="navbar-item"
            >
              
          Dance Dance Revolution X2
        
            </a>
          </div>
        </div>
      </div>
      <div
        class="navbar-end"
      />
    </div>
  </nav>
   
  <section
    class="main-content"
  >
    <nuxt-stub />
  </section>
</div>
`;
