// Vitest Snapshot v1, https://vitest.dev/guide/snapshot.html

exports[`pages/index.vue > renders correctly 1`] = `
<section
  class="section"
>
  <h1
    class="title"
  >
    Consumer DDR
  </h1>
  <div
    class="b-table"
  >
    <div
      style="display: none;"
    >
      
      <span
        data-id="1"
      >
        Name
      </span>
      <span
        data-id="2"
      >
        Platform
      </span>
      <span
        data-id="3"
      >
        Launched
      </span>
      
    </div>
    <!--v-if-->
    <!--v-if-->
    <div
      class="table-wrapper"
    >
      <table
        class="table is-striped"
        tabindex="false"
      >
        <!--v-if-->
        <thead>
          <tr>
            <!--v-if-->
            <!--v-if-->
            
            <th
              class=""
              draggable="false"
            >
              <span>
                Name 
                <span
                  class="th-wrap sort-icon"
                  style="display: none;"
                >
                  <span
                    class="icon is-small"
                  >
                    <i
                      class="mdi mdi-arrow-up"
                    />
                  </span>
                </span>
              </span>
            </th>
            <th
              class=""
              draggable="false"
            >
              <span>
                Platform 
                <span
                  class="th-wrap sort-icon"
                  style="display: none;"
                >
                  <span
                    class="icon is-small"
                  >
                    <i
                      class="mdi mdi-arrow-up"
                    />
                  </span>
                </span>
              </span>
            </th>
            <th
              class=""
              draggable="false"
            >
              <span>
                Launched 
                <span
                  class="th-wrap sort-icon"
                  style="display: none;"
                >
                  <span
                    class="icon is-small"
                  >
                    <i
                      class="mdi mdi-arrow-up"
                    />
                  </span>
                </span>
              </span>
            </th>
            
            <!--v-if-->
          </tr>
          <!--v-if-->
          <!--v-if-->
        </thead>
        <tbody>
          
          
          <tr
            class=""
            draggable="false"
          >
            <!--v-if-->
            <!--v-if-->
            
            <td
              class=""
              data-label="Name"
            >
              <a
                class="is-size-6-mobile"
              >
                Dance Dance Revolution (JP) 
              </a>
            </td>
            <td
              class=""
              data-label="Platform"
            >
              Play Station
            </td>
            <td
              class=""
              data-label="Launched"
            >
              1999-04-10
            </td>
            
            <!--v-if-->
          </tr>
          <transition-stub
            appear="false"
            css="true"
            name=""
            persisted="false"
          >
            <!--v-if-->
          </transition-stub>
          <!--v-if-->
          
          
          <tr
            class=""
            draggable="false"
          >
            <!--v-if-->
            <!--v-if-->
            
            <td
              class=""
              data-label="Name"
            >
              <a
                class="is-size-6-mobile"
              >
                Dance Dance Revolution 2nd ReMIX (JP) 
              </a>
            </td>
            <td
              class=""
              data-label="Platform"
            >
              Play Station
            </td>
            <td
              class=""
              data-label="Launched"
            >
              1999-08-26
            </td>
            
            <!--v-if-->
          </tr>
          <transition-stub
            appear="false"
            css="true"
            name=""
            persisted="false"
          >
            <!--v-if-->
          </transition-stub>
          <!--v-if-->
          
          
          <!--v-if-->
        </tbody>
        <!--v-if-->
      </table>
      
      <transition-stub
        appear="false"
        css="true"
        name="fade"
        persisted="false"
      >
        <!--v-if-->
      </transition-stub>
      
    </div>
    <!--v-if-->
  </div>
</section>
`;
