// Jest Snapshot v1, https://goo.gl/fbAQLP

exports[`pages/index.vue renders correctly 1`] = `
<section
  class="section"
>
  <div
    class="b-table"
  >
    <div
      style="display: none;"
    >
      <span>
        Name
      </span>
       
      <span>
        Platform
      </span>
       
      <span>
        Launched
      </span>
    </div>
    <!---->
    <!---->
    <div
      class="table-wrapper"
    >
      <table
        class="table is-striped is-narrow"
      >
        <!---->
        <thead>
          <tr>
            <!---->
            <!---->
            <th
              class=""
              draggable="false"
            >
              <span>
                 Name 
                <span
                  class="th-wrap sort-icon"
                  style="display: none;"
                >
                  <span
                    class="icon is-small"
                  >
                    <i
                      class="mdi mdi-arrow-up"
                    />
                  </span>
                </span>
              </span>
            </th>
            <th
              class=""
              draggable="false"
            >
              <span>
                 Platform 
                <span
                  class="th-wrap sort-icon"
                  style="display: none;"
                >
                  <span
                    class="icon is-small"
                  >
                    <i
                      class="mdi mdi-arrow-up"
                    />
                  </span>
                </span>
              </span>
            </th>
            <th
              class=""
              draggable="false"
            >
              <span>
                 Launched 
                <span
                  class="th-wrap sort-icon"
                  style="display: none;"
                >
                  <span
                    class="icon is-small"
                  >
                    <i
                      class="mdi mdi-arrow-up"
                    />
                  </span>
                </span>
              </span>
            </th>
            <!---->
          </tr>
          <tr>
            <!---->
            <!---->
            <th
              class=""
            >
              <div
                class="control"
              >
                <input
                  autocomplete="off"
                  class="input"
                  type="text"
                />
                <!---->
                <!---->
                <!---->
              </div>
            </th>
            <th
              class=""
            >
              <div
                class="control"
              >
                <input
                  autocomplete="off"
                  class="input"
                  type="text"
                />
                <!---->
                <!---->
                <!---->
              </div>
            </th>
            <th
              class=""
            >
              <!---->
            </th>
            <!---->
          </tr>
          <!---->
        </thead>
        <tbody>
          <tr
            class=""
            draggable="false"
          >
            <!---->
            <!---->
            <td
              class=""
              data-label="Name"
            >
              <a
                class="is-size-6-mobile"
              >
                
        Dance Dance Revolution
      
              </a>
            </td>
            <td
              class=""
              data-label="Platform"
            >
              <span>
                
        Play Station
        🇯🇵
      
              </span>
            </td>
            <td
              class=""
              data-label="Launched"
            >
              
      1999-04-10
    
            </td>
            <!---->
          </tr>
          <transition-stub
            name=""
          >
            <!---->
          </transition-stub>
          <!---->
          <tr
            class=""
            draggable="false"
          >
            <!---->
            <!---->
            <td
              class=""
              data-label="Name"
            >
              <a
                class="is-size-6-mobile"
              >
                
        Dance Dance Revolution 2nd ReMIX
      
              </a>
            </td>
            <td
              class=""
              data-label="Platform"
            >
              <span>
                
        Play Station
        🇯🇵
      
              </span>
            </td>
            <td
              class=""
              data-label="Launched"
            >
              
      1999-08-26
    
            </td>
            <!---->
          </tr>
          <transition-stub
            name=""
          >
            <!---->
          </transition-stub>
          <!---->
          <!---->
        </tbody>
        <!---->
      </table>
      <transition-stub
        name="fade"
      >
        <!---->
      </transition-stub>
    </div>
    <!---->
  </div>
</section>
`;
