// Jest Snapshot v1, https://goo.gl/fbAQLP

exports[`pages/index.vue renders correctly 1`] = `
<section
  class="section"
>
  <div
    class="b-table has-mobile-cards"
  >
    <!---->
     
    <!---->
     
    <div
      class="table-wrapper"
    >
      <table
        class="table is-striped is-narrow"
      >
        <!---->
         
        <tbody>
          <tr
            class=""
            draggable="false"
          >
            <!---->
             
            <!---->
             
            <td
              class=""
              data-label="Name"
            >
              <nuxt-link
                class="is-size-6-mobile"
                to="/series/1st-jp/"
              >
                
          Dance Dance Revolution
        
              </nuxt-link>
            </td>
             
            <td
              class=""
              data-label="Platform"
            >
              <span>
                
          Play Station
          🇯🇵
        
              </span>
            </td>
             
            <td
              class=""
              data-label="Launched"
            >
              
        1999-4-10
      
            </td>
             
            <!---->
          </tr>
           
          <!---->
           
          <!---->
          <tr
            class=""
            draggable="false"
          >
            <!---->
             
            <!---->
             
            <td
              class=""
              data-label="Name"
            >
              <nuxt-link
                class="is-size-6-mobile"
                to="/series/2nd-remix-jp/"
              >
                
          Dance Dance Revolution 2nd ReMIX
        
              </nuxt-link>
            </td>
             
            <td
              class=""
              data-label="Platform"
            >
              <span>
                
          Play Station
          🇯🇵
        
              </span>
            </td>
             
            <td
              class=""
              data-label="Launched"
            >
              
        1999-8-26
      
            </td>
             
            <!---->
          </tr>
           
          <!---->
           
          <!---->
        </tbody>
         
        <!---->
      </table>
    </div>
     
    <!---->
  </div>
</section>
`;
